components/dashboard/WidgetContainer.tsx(6,13): error TS2304: Cannot find name 'Widget'.
components/widgets/TableWidget.tsx(49,44): error TS2345: Argument of type 'string | null' is not assignable to parameter of type 'string'.
  Type 'null' is not assignable to type 'string'.
components/widgets/TableWidget.tsx(50,44): error TS2345: Argument of type 'string | null' is not assignable to parameter of type 'string'.
  Type 'null' is not assignable to type 'string'.
lib/types.ts(21,5): error TS2300: Duplicate identifier 'yAxisPath'.
lib/types.ts(22,5): error TS2300: Duplicate identifier 'yAxisPath'.
